:***************************************************************************************************

:Программа Сигнализация

:Общая статистика

    :Всего переменных БД - 8
    :Всего переменных ВА - 2
    :Всего переменных АВ - 0
    :Всего переменных ВД - 1
    :Всего переменных ДВ - 5
    :Всего переменных РВ - 0
    :Всего внутренних переменных - 0
    :Всего переменных ПВ - 0
    :Всего переменных ПЦ - 0
    :Всего переменных ПЛ - 0
    :Всего переменных ТС - 0
    :Всего переменных ТМ - 0
    :Всего переменных ТЧ - 0
    :Всего глобальных переменных - 0
    :Всего локальных переменных - 1
    :Всего глобальных массивов - 0
    :Всего локальных массивов - 0
    :Всего глобальных констант - 0
    :Всего локальных констант - 0
    :Всего последовательностей - 0
    :Всего вызовов процедур - 0
    :Всего вызовов функций - 0

:Переменные БД

    :ВА - 1, 2
    :АВ - нет
    :ВД - 1
    :ДВ - 1...3, 5, 6
    :РВ - нет

:Внутренние переменные

    :ПВ - нет
    :ПЦ - нет
    :ПЛ - нет
    :ТС - нет
    :ТМ - нет
    :ТЧ - нет

:Глобальные переменные

    :Cтр - нет
    :Вещ64 - нет
    :Вещ32 - нет
    :Цел64 - нет
    :Цел32 - нет
    :Цел16 - нет
    :Цел8 - нет
    :Лог - нет

:Локальные переменные

    :Cтр - нет
    :Вещ64 - нет
    :Вещ32 - нет
    :Цел64 - нет
    :Цел32 - нет
    :Цел16 - суммаДатчиков
    :Цел8 - нет
    :Лог - нет

:Глобальные массивы

    :Cтр - нет
    :Вещ64 - нет
    :Вещ32 - нет
    :Цел64 - нет
    :Цел32 - нет
    :Цел16 - нет
    :Цел8 - нет
    :Лог - нет

:Локальные массивы

    :Cтр - нет
    :Вещ64 - нет
    :Вещ32 - нет
    :Цел64 - нет
    :Цел32 - нет
    :Цел16 - нет
    :Цел8 - нет
    :Лог - нет

:Глобальные константы

    :Cтр - нет
    :Вещ64 - нет
    :Вещ32 - нет
    :Цел64 - нет
    :Цел32 - нет
    :Цел16 - нет
    :Цел8 - нет
    :Лог - нет

:Локальные константы

    :Cтр - нет
    :Вещ64 - нет
    :Вещ32 - нет
    :Цел64 - нет
    :Цел32 - нет
    :Цел16 - нет
    :Цел8 - нет
    :Лог - нет

:***************************************************************************************************
