Turbo Assembler	 Version 2.5	    02/21/23 09:19:22	    Page 1
prim.asm



      1	0000			     stseg   segment para    stack
      2	0000  10*(????)			     dw	     16	     dup(?)
      3	0020			     stseg   ends
      4	0000			     dseg    segment para
      5	0000  0002 0008	0003 0004 +  array dw 2,8,3,4,1,6,7,5
      6	      0001 0006	0007 0005
      7	0010  0002		     a	     dw	     2
      8
      9	0012  0000		     index   dw		     0
     10
     11	0014  ????		     y	     dw	     ?
     12	0016			     dseg    ends
     13	0000			     cseg    segment para
     14	0000			     lab1    proc    far
     15					     assume  cs:cseg,ds:dseg,ss:stseg
     16	0000  1E			     push    ds
     17	0001  B8 0000			     mov     ax,0
     18	0004  50			     push    ax
     19	0005  B8 0000s			     mov     ax,dseg
     20	0008  8E D8			     mov     ds,ax
     21						     ;---------------------
     22	000A  B9 0008				     mov cx, 8
     23	000D  BB 00FF				     mov bx, 255
     24	0010  BE 0000r				     lea si, array
     25	0013					     StartLoop:
     26
     27	0013  8B 04				     mov ax, [si]
     28
     29	0015  3B C3				     cmp ax, bx
     30	0017  7C 07				     jl	Count
     31	0019					     Continue:
     32	0019  46				     inc si
     33	001A  46				     inc si
     34	001B  E2 F6				     loop StartLoop
     35
     36	001D  EB 05 90				     jmp EndProg
     37
     38	0020					     Count:
     39	0020  8B 1C					     mov bx, [si]
     40	0022  EB F5					     jmp Continue
     41
     42	0024					     EndProg:
     43	0024  89 1E 0014r			     mov y, bx
     44						     ;---------------------
     45	0028  CB			     ret
     46	0029			     lab1    endp
     47	0029			     cseg    ends
     48					     end     lab1
Turbo Assembler	 Version 2.5	    02/21/23 09:19:22	    Page 2
Symbol Table




Symbol Name			  Type	 Value

??DATE				  Text	 "02/21/23"
??FILENAME			  Text	 "prim	  "
??TIME				  Text	 "09:19:22"
??VERSION			  Number 0205
@CPU				  Text	 0101H
@CURSEG				  Text	 CSEG
@FILENAME			  Text	 PRIM
@WORDSIZE			  Text	 2
A				  Word	 DSEG:0010
ARRAY				  Word	 DSEG:0000
CONTINUE			  Near	 CSEG:0019
COUNT				  Near	 CSEG:0020
ENDPROG				  Near	 CSEG:0024
INDEX				  Word	 DSEG:0012
LAB1				  Far	 CSEG:0000
STARTLOOP			  Near	 CSEG:0013
Y				  Word	 DSEG:0014

Groups & Segments		  Bit Size Align  Combine Class

CSEG				  16  0029 Para	  none
DSEG				  16  0016 Para	  none
STSEG				  16  0020 Para	  Stack
